// Jest Snapshot v1, https://goo.gl/fbAQLP

exports[`<ReportDefinitions /> panel render component 1`] = `
<div>
  <div>
    <div
      class="euiFlexGroup euiFlexGroup--gutterMedium euiFlexGroup--alignItemsCenter euiFlexGroup--directionRow euiFlexGroup--responsive euiFlexGroup--wrap"
    >
      <div
        class="euiFlexItem euiSearchBar__searchHolder"
      >
        <div
          class="euiFormControlLayout euiFormControlLayout--fullWidth"
        >
          <div
            class="euiFormControlLayout__childrenWrapper"
          >
            <input
              aria-label="This is a search bar. As you type, the results lower in the page will automatically filter."
              class="euiFieldSearch euiFieldSearch--fullWidth"
              placeholder="Search..."
              type="search"
              value=""
            />
            <div
              class="euiFormControlLayoutIcons"
            >
              <span
                class="euiFormControlLayoutCustomIcon"
              >
                <svg
                  aria-hidden="true"
                  class="euiIcon euiIcon--medium euiIcon-isLoading euiFormControlLayoutCustomIcon__icon"
                  focusable="false"
                  height="16"
                  role="img"
                  viewBox="0 0 16 16"
                  width="16"
                  xmlns="http://www.w3.org/2000/svg"
                />
              </span>
            </div>
          </div>
        </div>
      </div>
      <div
        class="euiFlexItem euiFlexItem--flexGrowZero euiSearchBar__filtersHolder"
      >
        <div
          class="euiFilterGroup"
        />
      </div>
    </div>
    <div
      class="euiSpacer euiSpacer--l"
    />
    <div
      class="euiBasicTable"
    >
      <div>
        <div
          class="euiTableHeaderMobile"
        >
          <div
            class="euiFlexGroup euiFlexGroup--gutterLarge euiFlexGroup--alignItemsBaseline euiFlexGroup--justifyContentSpaceBetween euiFlexGroup--directionRow"
          >
            <div
              class="euiFlexItem euiFlexItem--flexGrowZero"
            />
            <div
              class="euiFlexItem euiFlexItem--flexGrowZero"
            >
              <div
                class="euiTableSortMobile"
              >
                <div
                  class="euiPopover euiPopover--anchorDownRight"
                >
                  <div
                    class="euiPopover__anchor"
                  >
                    <button
                      class="euiButtonEmpty euiButtonEmpty--primary euiButtonEmpty--xSmall euiButtonEmpty--iconRight euiButtonEmpty--flushRight"
                      type="button"
                    >
                      <span
                        class="euiButtonEmpty__content"
                      >
                        <svg
                          aria-hidden="true"
                          class="euiIcon euiIcon--medium euiIcon-isLoading euiButtonEmpty__icon"
                          focusable="false"
                          height="16"
                          role="img"
                          viewBox="0 0 16 16"
                          width="16"
                          xmlns="http://www.w3.org/2000/svg"
                        />
                        <span
                          class="euiButtonEmpty__text"
                        >
                          Sorting
                        </span>
                      </span>
                    </button>
                  </div>
                </div>
              </div>
            </div>
          </div>
        </div>
        <table
          class="euiTable euiTable--responsive"
          id="random_html_id"
          tabindex="-1"
        >
          <caption
            class="euiScreenReaderOnly euiTableCaption"
          />
          <thead>
            <tr>
              <th
                aria-live="polite"
                aria-sort="none"
                class="euiTableHeaderCell"
                data-test-subj="tableHeaderCell_reportName_0"
                role="columnheader"
                scope="col"
              >
                <button
                  class="euiTableHeaderButton"
                  data-test-subj="tableHeaderSortButton"
                  type="button"
                >
                  <span
                    class="euiTableCellContent"
                  >
                    <span
                      class="euiTableCellContent__text"
                      title="Name"
                    >
                      Name
                    </span>
                    <span
                      class="euiScreenReaderOnly"
                    >
                      Click to sort in ascending order
                    </span>
                  </span>
                </button>
              </th>
              <th
                aria-live="polite"
                aria-sort="none"
                class="euiTableHeaderCell"
                data-test-subj="tableHeaderCell_type_1"
                role="columnheader"
                scope="col"
              >
                <button
                  class="euiTableHeaderButton"
                  data-test-subj="tableHeaderSortButton"
                  type="button"
                >
                  <span
                    class="euiTableCellContent"
                  >
                    <span
                      class="euiTableCellContent__text"
                      title="Type"
                    >
                      Type
                    </span>
                    <span
                      class="euiScreenReaderOnly"
                    >
                      Click to sort in ascending order
                    </span>
                  </span>
                </button>
              </th>
              <th
                aria-live="polite"
                aria-sort="none"
                class="euiTableHeaderCell"
                data-test-subj="tableHeaderCell_owner_2"
                role="columnheader"
                scope="col"
              >
                <button
                  class="euiTableHeaderButton"
                  data-test-subj="tableHeaderSortButton"
                  type="button"
                >
                  <span
                    class="euiTableCellContent"
                  >
                    <span
                      class="euiTableCellContent__text"
                      title="Owner"
                    >
                      Owner
                    </span>
                    <span
                      class="euiScreenReaderOnly"
                    >
                      Click to sort in ascending order
                    </span>
                  </span>
                </button>
              </th>
              <th
                class="euiTableHeaderCell"
                data-test-subj="tableHeaderCell_source_3"
                role="columnheader"
                scope="col"
              >
                <div
                  class="euiTableCellContent"
                >
                  <span
                    class="euiTableCellContent__text"
                    title="Source"
                  >
                    Source
                  </span>
                </div>
              </th>
              <th
                class="euiTableHeaderCell"
                data-test-subj="tableHeaderCell_lastUpdated_4"
                role="columnheader"
                scope="col"
              >
                <div
                  class="euiTableCellContent"
                >
                  <span
                    class="euiTableCellContent__text"
                    title="Last Updated"
                  >
                    Last Updated
                  </span>
                </div>
              </th>
              <th
                class="euiTableHeaderCell"
                data-test-subj="tableHeaderCell_details_5"
                role="columnheader"
                scope="col"
              >
                <div
                  class="euiTableCellContent"
                >
                  <span
                    class="euiTableCellContent__text"
                    title="Details"
                  >
                    Details
                  </span>
                </div>
              </th>
              <th
                aria-live="polite"
                aria-sort="none"
                class="euiTableHeaderCell"
                data-test-subj="tableHeaderCell_status_6"
                role="columnheader"
                scope="col"
              >
                <button
                  class="euiTableHeaderButton"
                  data-test-subj="tableHeaderSortButton"
                  type="button"
                >
                  <span
                    class="euiTableCellContent"
                  >
                    <span
                      class="euiTableCellContent__text"
                      title="Status"
                    >
                      Status
                    </span>
                    <span
                      class="euiScreenReaderOnly"
                    >
                      Click to sort in ascending order
                    </span>
                  </span>
                </button>
              </th>
            </tr>
          </thead>
          <tbody>
            <tr
              class="euiTableRow euiTableRow-isSelectable"
            >
              <td
                class="euiTableRowCell"
              >
                <div
                  class="euiTableRowCell__mobileHeader euiTableRowCell--hideForDesktop"
                >
                  Name
                </div>
                <div
                  class="euiTableCellContent euiTableCellContent--truncateText"
                >
                  <span
                    class="euiTableCellContent__text"
                  >
                    test report name
                  </span>
                </div>
              </td>
              <td
                class="euiTableRowCell"
              >
                <div
                  class="euiTableRowCell__mobileHeader euiTableRowCell--hideForDesktop"
                >
                  Type
                </div>
                <div
                  class="euiTableCellContent"
                >
                  <span
                    class="euiTableCellContent__text"
                  >
                    Download
                  </span>
                </div>
              </td>
              <td
                class="euiTableRowCell"
              >
                <div
                  class="euiTableRowCell__mobileHeader euiTableRowCell--hideForDesktop"
                >
                  Owner
                </div>
                <div
                  class="euiTableCellContent"
                >
                  <span
                    class="euiTableCellContent__text"
                  >
                    davidcui
                  </span>
                </div>
              </td>
              <td
                class="euiTableRowCell"
              >
                <div
                  class="euiTableRowCell__mobileHeader euiTableRowCell--hideForDesktop"
                >
                  Source
                </div>
                <div
                  class="euiTableCellContent euiTableCellContent--overflowingContent"
                >
                  <a
                    class="euiLink euiLink--primary"
                    href="#"
                    rel="noopener noreferrer"
                    target="_blank"
                  >
                    Dashboard
                  </a>
                </div>
              </td>
              <td
                class="euiTableRowCell"
              >
                <div
                  class="euiTableRowCell__mobileHeader euiTableRowCell--hideForDesktop"
                >
                  Last Updated
                </div>
                <div
                  class="euiTableCellContent euiTableCellContent--truncateText"
                >
                  <span
                    class="euiTableCellContent__text"
                  >
                    test updated time
                  </span>
                </div>
              </td>
              <td
                class="euiTableRowCell"
              >
                <div
                  class="euiTableRowCell__mobileHeader euiTableRowCell--hideForDesktop"
                >
                  Details
                </div>
                <div
                  class="euiTableCellContent euiTableCellContent--truncateText"
                >
                  <span
                    class="euiTableCellContent__text"
                  />
                </div>
              </td>
              <td
                class="euiTableRowCell"
              >
                <div
                  class="euiTableRowCell__mobileHeader euiTableRowCell--hideForDesktop"
                >
                  Status
                </div>
                <div
                  class="euiTableCellContent"
                >
                  <span
                    class="euiTableCellContent__text"
                  >
                    Created
                  </span>
                </div>
              </td>
            </tr>
          </tbody>
        </table>
      </div>
    </div>
  </div>
</div>
`;
