// Jest Snapshot v1, https://goo.gl/fbAQLP

exports[`<ReportDefinitionDetails /> panel render component 1`] = `
<div
  class="euiPage"
>
  <main
    class="euiPageBody"
  >
    <h1
      class="euiTitle euiTitle--large"
    >
      Report definition
    </h1>
    <div
      class="euiSpacer euiSpacer--m"
    />
    <div
      class="euiPanel euiPanel--paddingLarge euiPageContent"
    >
      <div
        class="euiPageHeader euiPageHeader--responsive"
      >
        <div
          class="euiFlexItem"
        >
          <div
            class="euiPageHeaderSection"
          >
            <h2
              class="euiTitle euiTitle--medium"
            />
          </div>
        </div>
        <div
          class="euiFlexGroup euiFlexGroup--gutterExtraSmall euiFlexGroup--alignItemsFlexEnd euiFlexGroup--justifyContentFlexEnd euiFlexGroup--directionRow euiFlexGroup--responsive"
        >
          <div
            class="euiFlexItem"
          />
          <div
            class="euiFlexItem"
          />
          <div
            class="euiFlexItem"
          />
          <div
            class="euiFlexItem"
          />
          <div
            class="euiFlexItem"
          />
          <div
            class="euiFlexItem"
          >
            <div
              class="euiText euiText--extraSmall"
            >
              <h2>
                <a
                  href="#"
                >
                  Disable
                </a>
              </h2>
              <div />
            </div>
          </div>
          <div
            class="euiFlexItem"
          >
            <div
              class="euiText euiText--extraSmall"
            >
              <h2>
                <a
                  href="#"
                >
                  Enable
                </a>
              </h2>
              <div />
            </div>
          </div>
          <div
            class="euiFlexItem euiFlexItem--flexGrowZero"
          >
            <button
              class="euiButton euiButton--primary euiButton--fill"
              type="button"
            >
              <span
                class="euiButton__content"
              >
                <span
                  class="euiButton__text"
                >
                  Edit
                </span>
              </span>
            </button>
          </div>
          <div
            class="euiFlexItem"
          />
          <div
            class="euiFlexItem"
          />
        </div>
      </div>
      <hr
        class="euiHorizontalRule euiHorizontalRule--full euiHorizontalRule--marginLarge"
      />
      <h3
        class="euiTitle euiTitle--medium"
      >
        Report settings
      </h3>
      <div
        class="euiSpacer euiSpacer--l"
      />
      <div
        class="euiFlexGroup euiFlexGroup--gutterLarge euiFlexGroup--directionRow euiFlexGroup--responsive"
      >
        <div
          class="euiFlexItem"
        >
          <dl
            class="euiDescriptionList euiDescriptionList--row"
          >
            <dt
              class="euiDescriptionList__title"
            >
              Name
            </dt>
            <dd
              class="euiDescriptionList__description"
            />
          </dl>
        </div>
        <div
          class="euiFlexItem"
        >
          <dl
            class="euiDescriptionList euiDescriptionList--row"
          >
            <dt
              class="euiDescriptionList__title"
            >
              Description
            </dt>
            <dd
              class="euiDescriptionList__description"
            />
          </dl>
        </div>
        <div
          class="euiFlexItem"
        >
          <dl
            class="euiDescriptionList euiDescriptionList--row"
          >
            <dt
              class="euiDescriptionList__title"
            >
              Created
            </dt>
            <dd
              class="euiDescriptionList__description"
            />
          </dl>
        </div>
        <div
          class="euiFlexItem"
        >
          <dl
            class="euiDescriptionList euiDescriptionList--row"
          >
            <dt
              class="euiDescriptionList__title"
            >
              Last updated
            </dt>
            <dd
              class="euiDescriptionList__description"
            />
          </dl>
        </div>
      </div>
      <div
        class="euiSpacer euiSpacer--l"
      />
      <div
        class="euiFlexGroup euiFlexGroup--gutterLarge euiFlexGroup--directionRow euiFlexGroup--responsive"
      >
        <div
          class="euiFlexItem"
        >
          <dl
            class="euiDescriptionList euiDescriptionList--row"
          >
            <dt
              class="euiDescriptionList__title"
            >
              Source
            </dt>
            <dd
              class="euiDescriptionList__description"
            />
          </dl>
        </div>
        <div
          class="euiFlexItem"
        >
          <dl
            class="euiDescriptionList euiDescriptionList--row"
          >
            <dt
              class="euiDescriptionList__title"
            >
              Time period
            </dt>
            <dd
              class="euiDescriptionList__description"
            />
          </dl>
        </div>
        <div
          class="euiFlexItem"
        >
          <dl
            class="euiDescriptionList euiDescriptionList--row"
          >
            <dt
              class="euiDescriptionList__title"
            >
              File format
            </dt>
            <dd
              class="euiDescriptionList__description"
            />
          </dl>
        </div>
        <div
          class="euiFlexItem"
        >
          <dl
            class="euiDescriptionList euiDescriptionList--row"
          >
            <dt
              class="euiDescriptionList__title"
            >
              Report header
            </dt>
            <dd
              class="euiDescriptionList__description"
            />
          </dl>
        </div>
      </div>
      <div
        class="euiSpacer euiSpacer--l"
      />
      <div
        class="euiFlexGroup euiFlexGroup--gutterLarge euiFlexGroup--directionRow euiFlexGroup--responsive"
      >
        <div
          class="euiFlexItem"
        >
          <dl
            class="euiDescriptionList euiDescriptionList--row"
          >
            <dt
              class="euiDescriptionList__title"
            >
              Report footer
            </dt>
            <dd
              class="euiDescriptionList__description"
            />
          </dl>
        </div>
        <div
          class="euiFlexItem"
        >
          <dl
            class="euiDescriptionList euiDescriptionList--row"
          >
            <dt
              class="euiDescriptionList__title"
            />
            <dd
              class="euiDescriptionList__description"
            />
          </dl>
        </div>
        <div
          class="euiFlexItem"
        >
          <dl
            class="euiDescriptionList euiDescriptionList--row"
          >
            <dt
              class="euiDescriptionList__title"
            />
            <dd
              class="euiDescriptionList__description"
            />
          </dl>
        </div>
        <div
          class="euiFlexItem"
        >
          <dl
            class="euiDescriptionList euiDescriptionList--row"
          >
            <dt
              class="euiDescriptionList__title"
            />
            <dd
              class="euiDescriptionList__description"
            />
          </dl>
        </div>
      </div>
      <div
        class="euiSpacer euiSpacer--l"
      />
      <h3
        class="euiTitle euiTitle--medium"
      >
        Report trigger
      </h3>
      <div
        class="euiSpacer euiSpacer--l"
      />
      <div
        class="euiFlexGroup euiFlexGroup--gutterLarge euiFlexGroup--directionRow euiFlexGroup--responsive"
      >
        <div
          class="euiFlexItem"
        >
          <dl
            class="euiDescriptionList euiDescriptionList--row"
          >
            <dt
              class="euiDescriptionList__title"
            >
              Trigger type
            </dt>
            <dd
              class="euiDescriptionList__description"
            />
          </dl>
        </div>
        <div
          class="euiFlexItem"
        >
          <dl
            class="euiDescriptionList euiDescriptionList--row"
          >
            <dt
              class="euiDescriptionList__title"
            >
              Schedule details
            </dt>
            <dd
              class="euiDescriptionList__description"
            />
          </dl>
        </div>
        <div
          class="euiFlexItem"
        >
          <dl
            class="euiDescriptionList euiDescriptionList--row"
          >
            <dt
              class="euiDescriptionList__title"
            >
              Alert details
            </dt>
            <dd
              class="euiDescriptionList__description"
            />
          </dl>
        </div>
        <div
          class="euiFlexItem"
        >
          <dl
            class="euiDescriptionList euiDescriptionList--row"
          >
            <dt
              class="euiDescriptionList__title"
            >
              Status
            </dt>
            <dd
              class="euiDescriptionList__description"
            />
          </dl>
        </div>
      </div>
      <div
        class="euiSpacer euiSpacer--l"
      />
      <h3
        class="euiTitle euiTitle--medium"
      >
        Delivery settings
      </h3>
      <div
        class="euiSpacer euiSpacer--l"
      />
      <div
        class="euiFlexGroup euiFlexGroup--gutterLarge euiFlexGroup--directionRow euiFlexGroup--responsive"
      >
        <div
          class="euiFlexItem"
        >
          <dl
            class="euiDescriptionList euiDescriptionList--row"
          >
            <dt
              class="euiDescriptionList__title"
            >
              Delivery channels
            </dt>
            <dd
              class="euiDescriptionList__description"
            />
          </dl>
        </div>
        <div
          class="euiFlexItem"
        >
          <dl
            class="euiDescriptionList euiDescriptionList--row"
          >
            <dt
              class="euiDescriptionList__title"
            >
              Kibana recipients
            </dt>
            <dd
              class="euiDescriptionList__description"
            />
          </dl>
        </div>
        <div
          class="euiFlexItem"
        >
          <dl
            class="euiDescriptionList euiDescriptionList--row"
          >
            <dt
              class="euiDescriptionList__title"
            >
              Email recipients
            </dt>
            <dd
              class="euiDescriptionList__description"
            />
          </dl>
        </div>
        <div
          class="euiFlexItem"
        >
          <dl
            class="euiDescriptionList euiDescriptionList--row"
          >
            <dt
              class="euiDescriptionList__title"
            >
              Email subject
            </dt>
            <dd
              class="euiDescriptionList__description"
            />
          </dl>
        </div>
      </div>
      <div
        class="euiSpacer euiSpacer--l"
      />
      <div
        class="euiFlexGroup euiFlexGroup--gutterLarge euiFlexGroup--directionRow euiFlexGroup--responsive"
      >
        <div
          class="euiFlexItem"
        >
          <dl
            class="euiDescriptionList euiDescriptionList--row"
          >
            <dt
              class="euiDescriptionList__title"
            >
              Email body
            </dt>
            <dd
              class="euiDescriptionList__description"
            />
          </dl>
        </div>
        <div
          class="euiFlexItem"
        >
          <dl
            class="euiDescriptionList euiDescriptionList--row"
          >
            <dt
              class="euiDescriptionList__title"
            >
              Include report as attachment
            </dt>
            <dd
              class="euiDescriptionList__description"
            >
              False
            </dd>
          </dl>
        </div>
        <div
          class="euiFlexItem"
        >
          <dl
            class="euiDescriptionList euiDescriptionList--row"
          >
            <dt
              class="euiDescriptionList__title"
            />
            <dd
              class="euiDescriptionList__description"
            />
          </dl>
        </div>
        <div
          class="euiFlexItem"
        >
          <dl
            class="euiDescriptionList euiDescriptionList--row"
          >
            <dt
              class="euiDescriptionList__title"
            />
            <dd
              class="euiDescriptionList__description"
            />
          </dl>
        </div>
      </div>
    </div>
  </main>
</div>
`;
