// Jest Snapshot v1, https://goo.gl/fbAQLP

exports[`<ReportDetails /> panel render component 1`] = `
<div
  class="euiPage"
>
  <main
    class="euiPageBody"
  >
    <h1
      class="euiTitle euiTitle--large"
    >
      Report details
    </h1>
    <div
      class="euiSpacer euiSpacer--m"
    />
    <div
      class="euiPanel euiPanel--paddingLarge euiPageContent"
    >
      <div
        class="euiPageHeader euiPageHeader--responsive"
      >
        <div
          class="euiFlexGroup euiFlexGroup--gutterLarge euiFlexGroup--directionRow euiFlexGroup--responsive"
        >
          <div
            class="euiFlexItem"
          >
            <div
              class="euiPageHeaderSection"
            >
              <h2
                class="euiTitle euiTitle--medium"
              />
            </div>
          </div>
        </div>
      </div>
      <hr
        class="euiHorizontalRule euiHorizontalRule--full euiHorizontalRule--marginLarge"
      />
      <h3
        class="euiTitle euiTitle--medium"
      >
        Report Settings
      </h3>
      <div
        class="euiSpacer euiSpacer--l"
      />
      <div
        class="euiFlexGroup euiFlexGroup--gutterLarge euiFlexGroup--directionRow euiFlexGroup--responsive"
      >
        <div
          class="euiFlexItem"
        >
          <dl
            class="euiDescriptionList euiDescriptionList--row"
          >
            <dt
              class="euiDescriptionList__title"
            >
              Name
            </dt>
            <dd
              class="euiDescriptionList__description"
            />
          </dl>
        </div>
        <div
          class="euiFlexItem"
        >
          <dl
            class="euiDescriptionList euiDescriptionList--row"
          >
            <dt
              class="euiDescriptionList__title"
            >
              Description
            </dt>
            <dd
              class="euiDescriptionList__description"
            />
          </dl>
        </div>
        <div
          class="euiFlexItem"
        >
          <dl
            class="euiDescriptionList euiDescriptionList--row"
          >
            <dt
              class="euiDescriptionList__title"
            >
              Created
            </dt>
            <dd
              class="euiDescriptionList__description"
            />
          </dl>
        </div>
        <div
          class="euiFlexItem"
        >
          <dl
            class="euiDescriptionList euiDescriptionList--row"
          >
            <dt
              class="euiDescriptionList__title"
            >
              Last updated
            </dt>
            <dd
              class="euiDescriptionList__description"
            />
          </dl>
        </div>
      </div>
      <div
        class="euiSpacer euiSpacer--l"
      />
      <div
        class="euiFlexGroup euiFlexGroup--gutterLarge euiFlexGroup--directionRow euiFlexGroup--responsive"
      >
        <div
          class="euiFlexItem"
        >
          <dl
            class="euiDescriptionList euiDescriptionList--row"
          >
            <dt
              class="euiDescriptionList__title"
            >
              Source
            </dt>
            <dd
              class="euiDescriptionList__description"
            >
              <button
                class="euiLink euiLink--primary"
                type="button"
              />
            </dd>
          </dl>
        </div>
        <div
          class="euiFlexItem"
        >
          <dl
            class="euiDescriptionList euiDescriptionList--row"
          >
            <dt
              class="euiDescriptionList__title"
            >
              File format
            </dt>
            <dd
              class="euiDescriptionList__description"
            >
              <button
                class="euiLink euiLink--primary"
                type="button"
              >
                undefined 
                <svg
                  aria-hidden="true"
                  class="euiIcon euiIcon--medium euiIcon-isLoading"
                  focusable="false"
                  height="16"
                  role="img"
                  viewBox="0 0 16 16"
                  width="16"
                  xmlns="http://www.w3.org/2000/svg"
                />
              </button>
            </dd>
          </dl>
        </div>
        <div
          class="euiFlexItem"
        >
          <dl
            class="euiDescriptionList euiDescriptionList--row"
          >
            <dt
              class="euiDescriptionList__title"
            >
              State
            </dt>
            <dd
              class="euiDescriptionList__description"
            />
          </dl>
        </div>
        <div
          class="euiFlexItem"
        >
          <dl
            class="euiDescriptionList euiDescriptionList--row"
          >
            <dt
              class="euiDescriptionList__title"
            />
            <dd
              class="euiDescriptionList__description"
            />
          </dl>
        </div>
      </div>
      <div
        class="euiSpacer euiSpacer--l"
      />
      <div
        class="euiFlexGroup euiFlexGroup--gutterLarge euiFlexGroup--directionRow euiFlexGroup--responsive"
      >
        <div
          class="euiFlexItem"
        >
          <dl
            class="euiDescriptionList euiDescriptionList--row"
          >
            <dt
              class="euiDescriptionList__title"
            >
              Report header
            </dt>
            <dd
              class="euiDescriptionList__description"
            />
          </dl>
        </div>
        <div
          class="euiFlexItem"
        >
          <dl
            class="euiDescriptionList euiDescriptionList--row"
          >
            <dt
              class="euiDescriptionList__title"
            >
              Report footer
            </dt>
            <dd
              class="euiDescriptionList__description"
            />
          </dl>
        </div>
        <div
          class="euiFlexItem"
        >
          <dl
            class="euiDescriptionList euiDescriptionList--row"
          >
            <dt
              class="euiDescriptionList__title"
            />
            <dd
              class="euiDescriptionList__description"
            />
          </dl>
        </div>
        <div
          class="euiFlexItem"
        >
          <dl
            class="euiDescriptionList euiDescriptionList--row"
          >
            <dt
              class="euiDescriptionList__title"
            />
            <dd
              class="euiDescriptionList__description"
            />
          </dl>
        </div>
      </div>
      <div
        class="euiSpacer euiSpacer--l"
      />
      <h3
        class="euiTitle euiTitle--medium"
      >
        Report trigger
      </h3>
      <div
        class="euiSpacer euiSpacer--l"
      />
      <div
        class="euiFlexGroup euiFlexGroup--gutterLarge euiFlexGroup--directionRow euiFlexGroup--responsive"
      >
        <div
          class="euiFlexItem"
        >
          <dl
            class="euiDescriptionList euiDescriptionList--row"
          >
            <dt
              class="euiDescriptionList__title"
            >
              Trigger type
            </dt>
            <dd
              class="euiDescriptionList__description"
            />
          </dl>
        </div>
        <div
          class="euiFlexItem"
        >
          <dl
            class="euiDescriptionList euiDescriptionList--row"
          >
            <dt
              class="euiDescriptionList__title"
            >
              Schedule type
            </dt>
            <dd
              class="euiDescriptionList__description"
            />
          </dl>
        </div>
        <div
          class="euiFlexItem"
        >
          <dl
            class="euiDescriptionList euiDescriptionList--row"
          >
            <dt
              class="euiDescriptionList__title"
            >
              Schedule details
            </dt>
            <dd
              class="euiDescriptionList__description"
            />
          </dl>
        </div>
        <div
          class="euiFlexItem"
        >
          <dl
            class="euiDescriptionList euiDescriptionList--row"
          >
            <dt
              class="euiDescriptionList__title"
            >
              Alert details
            </dt>
            <dd
              class="euiDescriptionList__description"
            />
          </dl>
        </div>
      </div>
      <div
        class="euiSpacer euiSpacer--l"
      />
      <h3
        class="euiTitle euiTitle--medium"
      >
        Delivery settings
      </h3>
      <div
        class="euiSpacer euiSpacer--l"
      />
      <div
        class="euiFlexGroup euiFlexGroup--gutterLarge euiFlexGroup--directionRow euiFlexGroup--responsive"
      >
        <div
          class="euiFlexItem"
        >
          <dl
            class="euiDescriptionList euiDescriptionList--row"
          >
            <dt
              class="euiDescriptionList__title"
            >
              Channel
            </dt>
            <dd
              class="euiDescriptionList__description"
            />
          </dl>
        </div>
        <div
          class="euiFlexItem"
        >
          <dl
            class="euiDescriptionList euiDescriptionList--row"
          >
            <dt
              class="euiDescriptionList__title"
            >
              Kibana recipient(s)
            </dt>
            <dd
              class="euiDescriptionList__description"
            />
          </dl>
        </div>
        <div
          class="euiFlexItem"
        >
          <dl
            class="euiDescriptionList euiDescriptionList--row"
          >
            <dt
              class="euiDescriptionList__title"
            >
              Email recipient(s)
            </dt>
            <dd
              class="euiDescriptionList__description"
            />
          </dl>
        </div>
        <div
          class="euiFlexItem"
        >
          <dl
            class="euiDescriptionList euiDescriptionList--row"
          >
            <dt
              class="euiDescriptionList__title"
            >
              Email subject
            </dt>
            <dd
              class="euiDescriptionList__description"
            />
          </dl>
        </div>
      </div>
      <div
        class="euiSpacer euiSpacer--l"
      />
      <div
        class="euiFlexGroup euiFlexGroup--gutterLarge euiFlexGroup--directionRow euiFlexGroup--responsive"
      >
        <div
          class="euiFlexItem"
        >
          <dl
            class="euiDescriptionList euiDescriptionList--row"
          >
            <dt
              class="euiDescriptionList__title"
            >
              Email body
            </dt>
            <dd
              class="euiDescriptionList__description"
            />
          </dl>
        </div>
        <div
          class="euiFlexItem"
        >
          <dl
            class="euiDescriptionList euiDescriptionList--row"
          >
            <dt
              class="euiDescriptionList__title"
            >
              Include report as attachment
            </dt>
            <dd
              class="euiDescriptionList__description"
            />
          </dl>
        </div>
        <div
          class="euiFlexItem"
        >
          <dl
            class="euiDescriptionList euiDescriptionList--row"
          >
            <dt
              class="euiDescriptionList__title"
            />
            <dd
              class="euiDescriptionList__description"
            />
          </dl>
        </div>
        <div
          class="euiFlexItem"
        >
          <dl
            class="euiDescriptionList euiDescriptionList--row"
          >
            <dt
              class="euiDescriptionList__title"
            />
            <dd
              class="euiDescriptionList__description"
            />
          </dl>
        </div>
      </div>
    </div>
    <div
      aria-live="polite"
      class="euiGlobalToastList euiGlobalToastList--right"
      role="region"
    />
  </main>
</div>
`;
