// Jest Snapshot v1, https://goo.gl/fbAQLP

exports[`<ShareModal /> panel render component 1`] = `
<button
  class="euiButton euiButton--primary euiButton--fill"
  type="button"
>
  <span
    class="euiButton__content"
  >
    <span
      class="euiButton__text"
    >
      Share latest report
    </span>
  </span>
</button>
`;
